// Vitest Snapshot v1, https://vitest.dev/guide/snapshot.html

exports[`SongTitle renders correctly 1`] = `
<div>
  <div>
    <h2
      aria-label="Now Playing"
      class="mb-2 text-2xl font-bold"
    >
      Testing Once Again
    </h2>
    <p
      class="mb-4 text-tertiary-light dark:text-tertiary-dark"
    >
      The Testers
    </p>
  </div>
</div>
`;
